
Gurobi 13.0.0 (mac64[arm], gurobi_cl) logging started Sat Aug  8 22:49:14 2026

Set parameter Username
Set parameter LicenseID to value 2768750
Set parameter LogFile to value "gurobi.log"
Using license file /Users/shayreardon/gurobi.lic
Academic license - for non-commercial use only - expires 2027-01-22

Gurobi 13.0.0 (mac64[arm], gurobi_cl) logging started Sat Aug  8 22:50:18 2026

Set parameter Username
Set parameter LicenseID to value 2768750
Set parameter LogFile to value "gurobi.log"
Using license file /Users/shayreardon/gurobi.lic
Academic license - for non-commercial use only - expires 2027-01-22

Gurobi 13.0.0 (mac64[arm], gurobi_cl) logging started Sat Aug  8 22:51:08 2026

Set parameter Username
Set parameter LicenseID to value 2768750
Set parameter LogFile to value "gurobi.log"
Using license file /Users/shayreardon/gurobi.lic
Academic license - for non-commercial use only - expires 2027-01-22

Gurobi 13.0.0 (mac64[arm], gurobi_cl) logging started Sat Aug  8 22:51:17 2026

Set parameter Username
Set parameter LicenseID to value 2768750
Set parameter LogFile to value "gurobi.log"
Using license file /Users/shayreardon/gurobi.lic
Academic license - for non-commercial use only - expires 2027-01-22
