Building DAG of jobs...
Using shell: /usr/bin/bash
Provided cores: 24
Rules claiming more threads will be scaled down.
Job stats:
job                  count
-----------------  -------
fetch_and_combine        1
generate_index           1
get_ref                  1
make_splici              1
seq_to_ref_map           1
t2g_2col                 1
total                    6

Select jobs to execute...

[Thu Aug  6 22:20:40 2026]
rule get_ref:
    output: data/ref/ref.tar.gz, data/ref/genome.fa, data/ref/genes.gtf
    jobid: 3
    reason: Missing output files: data/ref/genome.fa, data/ref/genes.gtf
    resources: tmpdir=/tmp


[Thu Aug  6 22:20:40 2026]
rule fetch_and_combine:
    output: data/reads/pbmc_1k_v3_R1.fastq.gz, data/reads/pbmc_1k_v3_R2.fastq.gz
    jobid: 4
    reason: Missing output files: data/reads/pbmc_1k_v3_R2.fastq.gz, data/reads/pbmc_1k_v3_R1.fastq.gz
    wildcards: sample=pbmc_1k_v3
    resources: tmpdir=/tmp

[Thu Aug  6 22:23:35 2026]
Finished job 3.
1 of 6 steps (17%) done
Removing temporary output data/ref/ref.tar.gz.
Select jobs to execute...

[Thu Aug  6 22:23:35 2026]
rule make_splici:
    input: data/ref/genome.fa, data/ref/genes.gtf
    output: data/splici/transcriptome_splici_fl85.fa, data/splici/transcriptome_splici_fl85_t2g_3col.tsv
    jobid: 2
    reason: Missing output files: data/splici/transcriptome_splici_fl85_t2g_3col.tsv, data/splici/transcriptome_splici_fl85.fa; Input files updated by another job: data/ref/genome.fa, data/ref/genes.gtf
    resources: tmpdir=/tmp

[Thu Aug  6 22:24:59 2026]
Finished job 2.
2 of 6 steps (33%) done
Select jobs to execute...

[Thu Aug  6 22:24:59 2026]
rule t2g_2col:
    input: data/splici/transcriptome_splici_fl85_t2g_3col.tsv
    output: data/splici/transcriptome_splici_fl85_t2g_2col.tsv
    jobid: 5
    reason: Missing output files: data/splici/transcriptome_splici_fl85_t2g_2col.tsv; Input files updated by another job: data/splici/transcriptome_splici_fl85_t2g_3col.tsv
    resources: tmpdir=/tmp


[Thu Aug  6 22:24:59 2026]
rule generate_index:
    input: data/splici/transcriptome_splici_fl85.fa
    output: data/splici/idx
    jobid: 1
    reason: Missing output files: data/splici/idx; Input files updated by another job: data/splici/transcriptome_splici_fl85.fa
    threads: 4
    resources: tmpdir=/tmp

[Thu Aug  6 22:24:59 2026]
Finished job 5.
3 of 6 steps (50%) done
[Thu Aug  6 22:28:45 2026]
Finished job 4.
4 of 6 steps (67%) done
[Thu Aug  6 22:34:01 2026]
Finished job 1.
5 of 6 steps (83%) done
Select jobs to execute...

[Thu Aug  6 22:34:01 2026]
rule seq_to_ref_map:
    input: data/splici/idx, data/reads/pbmc_1k_v3_R1.fastq.gz, data/reads/pbmc_1k_v3_R2.fastq.gz, data/splici/transcriptome_splici_fl85_t2g_2col.tsv
    output: alevin-output/pbmc_1k_v3/pbmc_1k_v3_map
    jobid: 0
    reason: Missing output files: alevin-output/pbmc_1k_v3/pbmc_1k_v3_map; Input files updated by another job: data/splici/transcriptome_splici_fl85_t2g_2col.tsv, data/reads/pbmc_1k_v3_R1.fastq.gz, data/splici/idx, data/reads/pbmc_1k_v3_R2.fastq.gz
    wildcards: sample=pbmc_1k_v3
    threads: 4
    resources: tmpdir=/tmp

[Thu Aug  6 22:34:26 2026]
Finished job 0.
6 of 6 steps (100%) done
Complete log: .snakemake/log/2026-08-06T222039.820805.snakemake.log
