Building DAG of jobs...
Using shell: /usr/bin/bash
Provided cores: 24
Rules claiming more threads will be scaled down.
Job stats:
job               count
--------------  -------
seq_to_ref_map        1
total                 1

Select jobs to execute...

[Thu Aug  6 22:13:21 2026]
rule seq_to_ref_map:
    input: data/splici/idx, data/reads/pbmc_1k_v3_R1.fastq.gz, data/reads/pbmc_1k_v3_R2.fastq.gz, data/splici/transcriptome_splici_fl85_t2g_2col.tsv
    output: alevin-output/pbmc_1k_v3/pbmc_1k_v3_map
    jobid: 0
    reason: Missing output files: alevin-output/pbmc_1k_v3/pbmc_1k_v3_map
    wildcards: sample=pbmc_1k_v3
    threads: 4
    resources: tmpdir=/tmp

[Thu Aug  6 22:13:21 2026]
Error in rule seq_to_ref_map:
    jobid: 0
    input: data/splici/idx, data/reads/pbmc_1k_v3_R1.fastq.gz, data/reads/pbmc_1k_v3_R2.fastq.gz, data/splici/transcriptome_splici_fl85_t2g_2col.tsv
    output: alevin-output/pbmc_1k_v3/pbmc_1k_v3_map
    shell:
        
      salmon alevin -i data/splici/idx -p 4 -l A \
        --sketch -1 data/reads/pbmc_1k_v3_R1.fastq.gz -2 data/reads/pbmc_1k_v3_R2.fastq.gz -o alevin-output/pbmc_1k_v3/pbmc_1k_v3_map \
        --tgMap data/splici/transcriptome_splici_fl85_t2g_2col.tsv --dumpFeatures --chromium
    
        (one of the commands exited with non-zero exit code; note that snakemake uses bash strict mode!)

Shutting down, this might take some time.
Exiting because a job execution failed. Look above for error message
Complete log: .snakemake/log/2026-08-06T221320.962508.snakemake.log
