Building DAG of jobs...
Using shell: /usr/bin/bash
Provided cores: 24
Rules claiming more threads will be scaled down.
Job stats:
job                  count
-----------------  -------
fetch_and_combine        1
generate_index           1
get_ref                  1
make_splici              1
seq_to_ref_map           1
t2g_2col                 1
total                    6

Select jobs to execute...

[Thu Aug  6 21:58:10 2026]
rule get_ref:
    output: data/ref/ref.tar.gz, data/ref/genome.fa, data/ref/genes.gtf
    jobid: 3
    reason: Code has changed since last execution
    resources: tmpdir=/tmp


[Thu Aug  6 21:58:10 2026]
rule fetch_and_combine:
    output: data/reads/pbmc_1k_v3_R1.fastq.gz, data/reads/pbmc_1k_v3_R2.fastq.gz
    jobid: 4
    reason: Code has changed since last execution
    wildcards: sample=pbmc_1k_v3
    resources: tmpdir=/tmp

[Thu Aug  6 22:01:13 2026]
Finished job 3.
1 of 6 steps (17%) done
Removing temporary output data/ref/ref.tar.gz.
Select jobs to execute...

[Thu Aug  6 22:01:13 2026]
rule make_splici:
    input: data/ref/genome.fa, data/ref/genes.gtf
    output: data/splici/transcriptome_splici_fl85.fa, data/splici/transcriptome_splici_fl85_t2g_3col.tsv
    jobid: 2
    reason: Missing output files: data/splici/transcriptome_splici_fl85.fa, data/splici/transcriptome_splici_fl85_t2g_3col.tsv; Input files updated by another job: data/ref/genome.fa, data/ref/genes.gtf
    resources: tmpdir=/tmp

[Thu Aug  6 22:02:41 2026]
Finished job 2.
2 of 6 steps (33%) done
Select jobs to execute...

[Thu Aug  6 22:02:41 2026]
rule t2g_2col:
    input: data/splici/transcriptome_splici_fl85_t2g_3col.tsv
    output: data/splici/transcriptome_splici_fl85_t2g_2col.tsv
    jobid: 5
    reason: Missing output files: data/splici/transcriptome_splici_fl85_t2g_2col.tsv; Input files updated by another job: data/splici/transcriptome_splici_fl85_t2g_3col.tsv
    resources: tmpdir=/tmp


[Thu Aug  6 22:02:41 2026]
rule generate_index:
    input: data/splici/transcriptome_splici_fl85.fa
    output: data/splici/idx
    jobid: 1
    reason: Missing output files: data/splici/idx; Input files updated by another job: data/splici/transcriptome_splici_fl85.fa
    threads: 4
    resources: tmpdir=/tmp

[Thu Aug  6 22:02:41 2026]
Finished job 5.
3 of 6 steps (50%) done
[Thu Aug  6 22:08:14 2026]
Finished job 4.
4 of 6 steps (67%) done
[Thu Aug  6 22:10:11 2026]
Finished job 1.
5 of 6 steps (83%) done
Select jobs to execute...

[Thu Aug  6 22:10:11 2026]
rule seq_to_ref_map:
    input: data/splici/idx, data/reads/pbmc_1k_v3_R1.fastq.gz, data/reads/pbmc_1k_v3_R2.fastq.gz, data/splici/transcriptome_splici_fl85_t2g_2col.tsv
    output: alevin-output/pbmc_1k_v3/pbmc_1k_v3_map
    jobid: 0
    reason: Input files updated by another job: data/splici/idx, data/splici/transcriptome_splici_fl85_t2g_2col.tsv, data/reads/pbmc_1k_v3_R1.fastq.gz, data/reads/pbmc_1k_v3_R2.fastq.gz
    wildcards: sample=pbmc_1k_v3
    threads: 4
    resources: tmpdir=/tmp

RuleException in rule seq_to_ref_map in file /home/lamp/Projects/alevin-fry-practice/Snakefile, line 91:
NameError: The name 'lib' is unknown in this context. Please make sure that you defined that variable. Also note that braces not used for variable access have to be escaped by repeating them, i.e. {{print $1}}, when formatting the following:

      salmon alevin -i {input.idx_loc} -p {threads} -l {lib} \
        --sketch -1 {input.fq_r1} -2 {input.fq_r2} -o {output} \
        --tgMap {input.tg_map} --dumpFeatures --{params.chem}
    
